// Jest Snapshot v1, https://goo.gl/fbAQLP

exports[`inference 1`] = `
Object {
  "result": "{ bool: boolean; } & { num: number; } & { positional: string[]; }",
}
`;
